2026-04-21 16:26:11,225 PAT INFO: Saving model in the path :models/./exp04_rea
2026-04-21 16:26:11,225 PAT INFO: Namespace(config_file='/media/DiscoLocal/IPCV/UE-ReID/experiments/exp04_rea/config/train.yml', opts=[], local_rank=0)
2026-04-21 16:26:11,225 PAT INFO: Loaded configuration file /media/DiscoLocal/IPCV/UE-ReID/experiments/exp04_rea/config/train.yml
2026-04-21 16:26:11,225 PAT INFO: 
# =============================================================================
# exp04_rea — Combined UrbAM + Competition, 40 epochs, REA enabled
# Random Erasing simulates occlusion — helps with partial object views
# =============================================================================

MODEL:
  PRETRAIN_CHOICE: 'imagenet'
  PRETRAIN_PATH: '/media/DiscoLocal/IPCV/UE-ReID/Part-Aware-Transformer-main/model'
  IF_LABELSMOOTH: 'on'
  IF_WITH_CENTER: 'no'
  NAME: 'part_attention_vit'
  NO_MARGIN: True
  DEVICE_ID: ('0')
  TRANSFORMER_TYPE: 'vit_base_patch16_224_TransReID'
  STRIDE_SIZE: [16, 16]

INPUT:
  SIZE_TRAIN: [256, 128]
  SIZE_TEST: [256, 128]
  REA:
    ENABLED: True
    PROB: 0.5
    MEAN: [0.5, 0.5, 0.5]
  PIXEL_MEAN: [0.5, 0.5, 0.5]
  PIXEL_STD: [0.5, 0.5, 0.5]
  LGT:
    DO_LGT: True
    PROB: 0.5

DATASETS:
  TRAIN: ('UrbanElementsReID', 'UrbAM')
  TEST: ('UrbanElementsReID',)
  ROOT_DIR: '/media/DiscoLocal/IPCV/UE-ReID/urban-elements-re-id-challenge-2026/Urban2026/'

DATALOADER:
  SAMPLER: 'softmax_triplet'
  NUM_INSTANCE: 4
  NUM_WORKERS: 8

SOLVER:
  OPTIMIZER_NAME: 'SGD'
  MAX_EPOCHS: 40
  BASE_LR: 0.001
  IMS_PER_BATCH: 64
  WARMUP_METHOD: 'linear'
  LARGE_FC_LR: False
  CHECKPOINT_PERIOD: 10
  LOG_PERIOD: 60
  EVAL_PERIOD: 10
  WEIGHT_DECAY: 1e-4
  WEIGHT_DECAY_BIAS: 1e-4
  BIAS_LR_FACTOR: 2
  SEED: 1234

TEST:
  EVAL: True
  IMS_PER_BATCH: 128
  RE_RANKING: False
  WEIGHT: ''
  NECK_FEAT: 'before'
  FEAT_NORM: True

LOG_ROOT: 'models/'
TB_LOG_ROOT: './tb_log/'
LOG_NAME: './exp04_rea'

2026-04-21 16:26:11,225 PAT INFO: Running with config:
DATALOADER:
  CAMERA_TO_DOMAIN: False
  DELETE_REM: False
  DROP_LAST: False
  INDIVIDUAL: False
  NAIVE_WAY: True
  NUM_INSTANCE: 4
  NUM_WORKERS: 8
  SAMPLER: softmax_triplet
DATASETS:
  COMBINEALL: False
  ROOT_DIR: /media/DiscoLocal/IPCV/UE-ReID/urban-elements-re-id-challenge-2026/Urban2026/
  TEST: ('UrbanElementsReID',)
  TRAIN: ('UrbanElementsReID', 'UrbAM')
INPUT:
  CJ:
    BRIGHTNESS: 0.15
    CONTRAST: 0.15
    ENABLED: False
    HUE: 0.1
    PROB: 1.0
    SATURATION: 0.1
  DO_AUGMIX: False
  DO_AUTOAUG: False
  DO_FLIP: True
  DO_PAD: True
  FLIP_PROB: 0.5
  LGT:
    DO_LGT: True
    PROB: 0.5
  PADDING: 10
  PADDING_MODE: constant
  PIXEL_MEAN: [0.5, 0.5, 0.5]
  PIXEL_STD: [0.5, 0.5, 0.5]
  REA:
    ENABLED: True
    MEAN: [0.5, 0.5, 0.5]
    PROB: 0.5
  RPT:
    ENABLED: False
    PROB: 0.5
  SIZE_TEST: [256, 128]
  SIZE_TRAIN: [256, 128]
LOG_NAME: ./exp04_rea
LOG_ROOT: models/
MODEL:
  ATT_DROP_RATE: 0.0
  CLUSTER_K: 10
  COS_LAYER: False
  DEVICE: cuda
  DEVICE_ID: 0
  DIST_TRAIN: False
  DROP_OUT: 0.0
  DROP_PATH: 0.1
  FREEZE_PATCH_EMBED: True
  ID_LOSS_TYPE: softmax
  ID_LOSS_WEIGHT: 1.0
  IF_LABELSMOOTH: on
  IF_WITH_CENTER: no
  LAST_STRIDE: 1
  METRIC_LOSS_TYPE: triplet
  NAME: part_attention_vit
  NECK: bnneck
  NO_MARGIN: True
  PATCH_EMBED_TYPE: 
  PC_LOSS: True
  PC_LR: 1.0
  PC_SCALE: 0.02
  PRETRAIN_CHOICE: imagenet
  PRETRAIN_PATH: /media/DiscoLocal/IPCV/UE-ReID/Part-Aware-Transformer-main/model
  SOFT_LABEL: True
  SOFT_LAMBDA: 0.5
  SOFT_WEIGHT: 0.5
  STRIDE_SIZE: [16, 16]
  TRANSFORMER_TYPE: vit_base_patch16_224_TransReID
  TRIPLET_LOSS_WEIGHT: 1.0
SOLVER:
  BASE_LR: 0.001
  BIAS_LR_FACTOR: 2
  CENTER_LOSS_WEIGHT: 0.0005
  CENTER_LR: 0.5
  CHECKPOINT_PERIOD: 10
  COSINE_MARGIN: 0.5
  COSINE_SCALE: 30
  EVAL_PERIOD: 10
  GAMMA: 0.1
  IMS_PER_BATCH: 64
  LARGE_FC_LR: False
  LOG_PERIOD: 60
  MARGIN: 0.3
  MAX_EPOCHS: 40
  MOMENTUM: 0.9
  OPTIMIZER_NAME: SGD
  SEED: 1234
  STEPS: (40, 70)
  WARMUP_EPOCHS: 5
  WARMUP_FACTOR: 0.01
  WARMUP_METHOD: linear
  WEIGHT_DECAY: 0.0001
  WEIGHT_DECAY_BIAS: 0.0001
TB_LOG_ROOT: ./tb_log/
TEST:
  DIST_MAT: dist_mat.npy
  EVAL: True
  FEAT_NORM: True
  IMS_PER_BATCH: 128
  NECK_FEAT: before
  RE_RANKING: False
  WEIGHT: 
2026-04-21 16:26:11,613 PAT INFO: => Loaded UrbanElementsReID
2026-04-21 16:26:11,613 PAT INFO:   ----------------------------------------
2026-04-21 16:26:11,613 PAT INFO:   subset   | # ids | # images | # cameras
2026-04-21 16:26:11,613 PAT INFO:   ----------------------------------------
2026-04-21 16:26:11,613 PAT INFO:   train    |  1088 |    11175 |         3
2026-04-21 16:26:11,613 PAT INFO:   ----------------------------------------
  UrbAM Containers: 1117 images, 62 identities
  UrbAM rubishbinss: 346 images, 32 identities
  UrbAM crosswalks: 1358 images, 99 identities
UrbAM loaded: 2821 total images, 710 c004 images
2026-04-21 16:26:11,746 PAT INFO: => Loaded UrbAM
2026-04-21 16:26:11,746 PAT INFO:   ----------------------------------------
2026-04-21 16:26:11,746 PAT INFO:   subset   | # ids | # images | # cameras
2026-04-21 16:26:11,746 PAT INFO:   ----------------------------------------
2026-04-21 16:26:11,746 PAT INFO:   train    |   193 |     2821 |         4
2026-04-21 16:26:11,746 PAT INFO:   ----------------------------------------
2026-04-21 16:26:11,900 PAT INFO: => Loaded UrbanElementsReID
2026-04-21 16:26:11,900 PAT INFO:   ----------------------------------------
2026-04-21 16:26:11,900 PAT INFO:   subset   | # ids | # images | # cameras
2026-04-21 16:26:11,900 PAT INFO:   ----------------------------------------
2026-04-21 16:26:11,900 PAT INFO:   query    |  1088 |    11175 |         3
2026-04-21 16:26:11,900 PAT INFO:   gallery  |  1088 |    11175 |         3
2026-04-21 16:26:11,900 PAT INFO:   ----------------------------------------
using Transformer_type: part token vit as a backbone
using stride: [16, 16], and patch number is num_y16 * num_x8
using drop_out rate is : 0.0
using attn_drop_out rate is : 0.0
using drop_path rate is : 0.1
Resized position embedding from size:torch.Size([1, 197, 768]) to size: torch.Size([1, 132, 768]) with height:16 width: 8
Load 153 / 155 layers.
Loading pretrained ImageNet model......from /media/DiscoLocal/IPCV/UE-ReID/Part-Aware-Transformer-main/model/jx_vit_base_p16_224-80ecf9dd.pth
===========building our part attention vit===========
2026-04-21 16:26:12,990 PAT.train INFO: Number of parameter: 87.51M
====== freeze patch_embed for stability ======
using soft triplet loss for training
label smooth on, numclasses: 1281
========using soft label========
2026-04-21 16:26:13,281 PAT.train INFO: start training
saving tblog to ./tb_log/./exp04_rea
initialize the centers
initialization done
/media/DiscoLocal/IPCV/UE-ReID/Part-Aware-Transformer-main/loss/myloss.py:29: UserWarning: This overload of addmm_ is deprecated:
	addmm_(Number beta, Number alpha, Tensor mat1, Tensor mat2)
Consider using one of the following signatures instead:
	addmm_(Tensor mat1, Tensor mat2, *, Number beta, Number alpha) (Triggered internally at ../torch/csrc/utils/python_arg_parser.cpp:1519.)
  dist_map.addmm_(1, -2, part_feat, part_centers.t())
2026-04-21 16:27:15,656 PAT.train INFO: Epoch[1] Iteration[60/199] total_loss: 12.314, reid_loss: 10.789, pc_loss: 1.525, Acc: 0.003, Base Lr: 2.08e-04
2026-04-21 16:27:35,659 PAT.train INFO: Epoch[1] Iteration[120/199] total_loss: 12.017, reid_loss: 10.249, pc_loss: 1.768, Acc: 0.006, Base Lr: 2.08e-04
2026-04-21 16:27:55,838 PAT.train INFO: Epoch[1] Iteration[180/199] total_loss: 11.882, reid_loss: 10.021, pc_loss: 1.861, Acc: 0.011, Base Lr: 2.08e-04
2026-04-21 16:28:01,232 PAT.train INFO: Epoch 1 done. Time per batch: 0.339[s] Speed: 188.9[samples/s]
2026-04-21 16:28:22,415 PAT.train INFO: Epoch[2] Iteration[60/199] total_loss: 10.790, reid_loss: 8.877, pc_loss: 1.914, Acc: 0.062, Base Lr: 4.06e-04
2026-04-21 16:28:42,755 PAT.train INFO: Epoch[2] Iteration[120/199] total_loss: 10.749, reid_loss: 8.870, pc_loss: 1.879, Acc: 0.071, Base Lr: 4.06e-04
2026-04-21 16:29:03,255 PAT.train INFO: Epoch[2] Iteration[180/199] total_loss: 10.761, reid_loss: 8.896, pc_loss: 1.866, Acc: 0.081, Base Lr: 4.06e-04
2026-04-21 16:29:08,745 PAT.train INFO: Epoch 2 done. Time per batch: 0.344[s] Speed: 186.0[samples/s]
2026-04-21 16:29:30,763 PAT.train INFO: Epoch[3] Iteration[60/199] total_loss: 9.986, reid_loss: 8.492, pc_loss: 1.494, Acc: 0.091, Base Lr: 6.04e-04
2026-04-21 16:29:51,207 PAT.train INFO: Epoch[3] Iteration[120/199] total_loss: 9.844, reid_loss: 8.524, pc_loss: 1.320, Acc: 0.088, Base Lr: 6.04e-04
2026-04-21 16:30:11,871 PAT.train INFO: Epoch[3] Iteration[180/199] total_loss: 9.675, reid_loss: 8.507, pc_loss: 1.168, Acc: 0.108, Base Lr: 6.04e-04
2026-04-21 16:30:17,021 PAT.train INFO: Epoch 3 done. Time per batch: 0.350[s] Speed: 183.0[samples/s]
2026-04-21 16:30:38,711 PAT.train INFO: Epoch[4] Iteration[60/199] total_loss: 8.594, reid_loss: 8.074, pc_loss: 0.520, Acc: 0.085, Base Lr: 8.02e-04
2026-04-21 16:30:59,519 PAT.train INFO: Epoch[4] Iteration[120/199] total_loss: 8.593, reid_loss: 8.045, pc_loss: 0.548, Acc: 0.102, Base Lr: 8.02e-04
2026-04-21 16:31:19,718 PAT.train INFO: Epoch[4] Iteration[180/199] total_loss: 8.447, reid_loss: 7.968, pc_loss: 0.479, Acc: 0.126, Base Lr: 8.02e-04
2026-04-21 16:31:24,931 PAT.train INFO: Epoch 4 done. Time per batch: 0.346[s] Speed: 184.9[samples/s]
2026-04-21 16:31:45,214 PAT.train INFO: Epoch[5] Iteration[60/199] total_loss: 7.955, reid_loss: 7.643, pc_loss: 0.313, Acc: 0.089, Base Lr: 9.96e-04
2026-04-21 16:32:04,652 PAT.train INFO: Epoch[5] Iteration[120/199] total_loss: 7.851, reid_loss: 7.559, pc_loss: 0.292, Acc: 0.103, Base Lr: 9.96e-04
2026-04-21 16:32:24,226 PAT.train INFO: Epoch[5] Iteration[180/199] total_loss: 7.688, reid_loss: 7.431, pc_loss: 0.257, Acc: 0.129, Base Lr: 9.96e-04
2026-04-21 16:32:29,143 PAT.train INFO: Epoch 5 done. Time per batch: 0.329[s] Speed: 194.6[samples/s]
2026-04-21 16:32:49,485 PAT.train INFO: Epoch[6] Iteration[60/199] total_loss: 7.311, reid_loss: 7.140, pc_loss: 0.171, Acc: 0.093, Base Lr: 9.94e-04
2026-04-21 16:33:08,980 PAT.train INFO: Epoch[6] Iteration[120/199] total_loss: 7.182, reid_loss: 6.987, pc_loss: 0.195, Acc: 0.118, Base Lr: 9.94e-04
2026-04-21 16:33:28,538 PAT.train INFO: Epoch[6] Iteration[180/199] total_loss: 7.008, reid_loss: 6.814, pc_loss: 0.194, Acc: 0.147, Base Lr: 9.94e-04
2026-04-21 16:33:33,759 PAT.train INFO: Epoch 6 done. Time per batch: 0.329[s] Speed: 194.3[samples/s]
2026-04-21 16:33:54,326 PAT.train INFO: Epoch[7] Iteration[60/199] total_loss: 7.023, reid_loss: 6.672, pc_loss: 0.351, Acc: 0.096, Base Lr: 9.92e-04
2026-04-21 16:34:13,999 PAT.train INFO: Epoch[7] Iteration[120/199] total_loss: 6.904, reid_loss: 6.518, pc_loss: 0.386, Acc: 0.125, Base Lr: 9.92e-04
2026-04-21 16:34:33,665 PAT.train INFO: Epoch[7] Iteration[180/199] total_loss: 6.689, reid_loss: 6.346, pc_loss: 0.343, Acc: 0.165, Base Lr: 9.92e-04
2026-04-21 16:34:38,924 PAT.train INFO: Epoch 7 done. Time per batch: 0.332[s] Speed: 192.7[samples/s]
2026-04-21 16:34:59,267 PAT.train INFO: Epoch[8] Iteration[60/199] total_loss: 6.572, reid_loss: 6.308, pc_loss: 0.264, Acc: 0.115, Base Lr: 9.89e-04
2026-04-21 16:35:18,793 PAT.train INFO: Epoch[8] Iteration[120/199] total_loss: 6.533, reid_loss: 6.148, pc_loss: 0.385, Acc: 0.151, Base Lr: 9.89e-04
2026-04-21 16:35:38,348 PAT.train INFO: Epoch[8] Iteration[180/199] total_loss: 6.285, reid_loss: 5.952, pc_loss: 0.333, Acc: 0.192, Base Lr: 9.89e-04
2026-04-21 16:35:43,606 PAT.train INFO: Epoch 8 done. Time per batch: 0.330[s] Speed: 194.2[samples/s]
2026-04-21 16:36:04,057 PAT.train INFO: Epoch[9] Iteration[60/199] total_loss: 6.140, reid_loss: 6.041, pc_loss: 0.099, Acc: 0.138, Base Lr: 9.86e-04
2026-04-21 16:36:23,725 PAT.train INFO: Epoch[9] Iteration[120/199] total_loss: 5.982, reid_loss: 5.869, pc_loss: 0.113, Acc: 0.175, Base Lr: 9.86e-04
2026-04-21 16:36:43,492 PAT.train INFO: Epoch[9] Iteration[180/199] total_loss: 5.735, reid_loss: 5.624, pc_loss: 0.110, Acc: 0.235, Base Lr: 9.86e-04
2026-04-21 16:36:48,458 PAT.train INFO: Epoch 9 done. Time per batch: 0.332[s] Speed: 192.7[samples/s]
2026-04-21 16:37:08,852 PAT.train INFO: Epoch[10] Iteration[60/199] total_loss: 5.708, reid_loss: 5.659, pc_loss: 0.050, Acc: 0.188, Base Lr: 9.83e-04
2026-04-21 16:37:28,421 PAT.train INFO: Epoch[10] Iteration[120/199] total_loss: 5.611, reid_loss: 5.498, pc_loss: 0.113, Acc: 0.215, Base Lr: 9.83e-04
2026-04-21 16:37:48,017 PAT.train INFO: Epoch[10] Iteration[180/199] total_loss: 5.451, reid_loss: 5.306, pc_loss: 0.145, Acc: 0.273, Base Lr: 9.83e-04
2026-04-21 16:37:53,254 PAT.train INFO: Epoch 10 done. Time per batch: 0.330[s] Speed: 193.8[samples/s]
2026-04-21 16:37:53,254 PAT.test INFO: Enter inferencing
2026-04-21 16:39:01,006 PAT.test INFO: Validation Results 
2026-04-21 16:39:01,006 PAT.test INFO: mAP: 37.4%
2026-04-21 16:39:01,006 PAT.test INFO: CMC curve, Rank-1  :57.9%
2026-04-21 16:39:01,006 PAT.test INFO: CMC curve, Rank-5  :78.7%
2026-04-21 16:39:01,006 PAT.test INFO: CMC curve, Rank-10 :86.3%
2026-04-21 16:39:01,006 PAT.test INFO: total inference time: 67.75
2026-04-21 16:39:01,012 PAT.train INFO: =====best epoch: 10=====
2026-04-21 16:39:20,834 PAT.train INFO: Epoch[11] Iteration[60/199] total_loss: 5.697, reid_loss: 5.625, pc_loss: 0.073, Acc: 0.186, Base Lr: 9.79e-04
2026-04-21 16:39:39,465 PAT.train INFO: Epoch[11] Iteration[120/199] total_loss: 5.497, reid_loss: 5.369, pc_loss: 0.127, Acc: 0.244, Base Lr: 9.79e-04
2026-04-21 16:39:58,195 PAT.train INFO: Epoch[11] Iteration[180/199] total_loss: 5.237, reid_loss: 5.102, pc_loss: 0.135, Acc: 0.308, Base Lr: 9.79e-04
2026-04-21 16:40:03,076 PAT.train INFO: Epoch 11 done. Time per batch: 0.315[s] Speed: 203.1[samples/s]
2026-04-21 16:40:22,572 PAT.train INFO: Epoch[12] Iteration[60/199] total_loss: 5.454, reid_loss: 5.364, pc_loss: 0.090, Acc: 0.220, Base Lr: 9.76e-04
2026-04-21 16:40:41,211 PAT.train INFO: Epoch[12] Iteration[120/199] total_loss: 5.276, reid_loss: 5.122, pc_loss: 0.154, Acc: 0.283, Base Lr: 9.76e-04
2026-04-21 16:41:00,095 PAT.train INFO: Epoch[12] Iteration[180/199] total_loss: 5.010, reid_loss: 4.878, pc_loss: 0.132, Acc: 0.342, Base Lr: 9.76e-04
2026-04-21 16:41:05,012 PAT.train INFO: Epoch 12 done. Time per batch: 0.316[s] Speed: 202.8[samples/s]
2026-04-21 16:41:24,677 PAT.train INFO: Epoch[13] Iteration[60/199] total_loss: 5.148, reid_loss: 5.118, pc_loss: 0.029, Acc: 0.270, Base Lr: 9.71e-04
2026-04-21 16:41:43,437 PAT.train INFO: Epoch[13] Iteration[120/199] total_loss: 4.994, reid_loss: 4.927, pc_loss: 0.067, Acc: 0.319, Base Lr: 9.71e-04
2026-04-21 16:42:02,200 PAT.train INFO: Epoch[13] Iteration[180/199] total_loss: 4.763, reid_loss: 4.694, pc_loss: 0.069, Acc: 0.375, Base Lr: 9.71e-04
2026-04-21 16:42:07,103 PAT.train INFO: Epoch 13 done. Time per batch: 0.316[s] Speed: 202.3[samples/s]
2026-04-21 16:42:26,708 PAT.train INFO: Epoch[14] Iteration[60/199] total_loss: 5.038, reid_loss: 4.969, pc_loss: 0.069, Acc: 0.282, Base Lr: 9.67e-04
2026-04-21 16:42:45,372 PAT.train INFO: Epoch[14] Iteration[120/199] total_loss: 4.785, reid_loss: 4.694, pc_loss: 0.091, Acc: 0.351, Base Lr: 9.67e-04
2026-04-21 16:43:04,174 PAT.train INFO: Epoch[14] Iteration[180/199] total_loss: 4.581, reid_loss: 4.496, pc_loss: 0.085, Acc: 0.409, Base Lr: 9.67e-04
2026-04-21 16:43:09,101 PAT.train INFO: Epoch 14 done. Time per batch: 0.316[s] Speed: 202.6[samples/s]
2026-04-21 16:43:28,945 PAT.train INFO: Epoch[15] Iteration[60/199] total_loss: 4.812, reid_loss: 4.764, pc_loss: 0.048, Acc: 0.327, Base Lr: 9.62e-04
2026-04-21 16:43:47,699 PAT.train INFO: Epoch[15] Iteration[120/199] total_loss: 4.742, reid_loss: 4.612, pc_loss: 0.131, Acc: 0.368, Base Lr: 9.62e-04
2026-04-21 16:44:06,562 PAT.train INFO: Epoch[15] Iteration[180/199] total_loss: 4.514, reid_loss: 4.350, pc_loss: 0.164, Acc: 0.445, Base Lr: 9.62e-04
2026-04-21 16:44:11,814 PAT.train INFO: Epoch 15 done. Time per batch: 0.318[s] Speed: 201.3[samples/s]
2026-04-21 16:44:31,416 PAT.train INFO: Epoch[16] Iteration[60/199] total_loss: 4.681, reid_loss: 4.626, pc_loss: 0.055, Acc: 0.361, Base Lr: 9.57e-04
2026-04-21 16:44:50,254 PAT.train INFO: Epoch[16] Iteration[120/199] total_loss: 4.567, reid_loss: 4.415, pc_loss: 0.153, Acc: 0.416, Base Lr: 9.57e-04
2026-04-21 16:45:09,016 PAT.train INFO: Epoch[16] Iteration[180/199] total_loss: 4.375, reid_loss: 4.198, pc_loss: 0.177, Acc: 0.468, Base Lr: 9.57e-04
2026-04-21 16:45:13,637 PAT.train INFO: Epoch 16 done. Time per batch: 0.317[s] Speed: 202.1[samples/s]
2026-04-21 16:45:33,246 PAT.train INFO: Epoch[17] Iteration[60/199] total_loss: 4.547, reid_loss: 4.512, pc_loss: 0.035, Acc: 0.360, Base Lr: 9.51e-04
2026-04-21 16:45:51,971 PAT.train INFO: Epoch[17] Iteration[120/199] total_loss: 4.420, reid_loss: 4.303, pc_loss: 0.117, Acc: 0.429, Base Lr: 9.51e-04
2026-04-21 16:46:10,747 PAT.train INFO: Epoch[17] Iteration[180/199] total_loss: 4.204, reid_loss: 4.057, pc_loss: 0.147, Acc: 0.489, Base Lr: 9.51e-04
2026-04-21 16:46:15,967 PAT.train INFO: Epoch 17 done. Time per batch: 0.316[s] Speed: 202.5[samples/s]
2026-04-21 16:46:35,580 PAT.train INFO: Epoch[18] Iteration[60/199] total_loss: 4.367, reid_loss: 4.339, pc_loss: 0.028, Acc: 0.410, Base Lr: 9.46e-04
2026-04-21 16:46:54,245 PAT.train INFO: Epoch[18] Iteration[120/199] total_loss: 4.246, reid_loss: 4.123, pc_loss: 0.122, Acc: 0.460, Base Lr: 9.46e-04
2026-04-21 16:47:13,076 PAT.train INFO: Epoch[18] Iteration[180/199] total_loss: 4.073, reid_loss: 3.920, pc_loss: 0.153, Acc: 0.519, Base Lr: 9.46e-04
2026-04-21 16:47:17,715 PAT.train INFO: Epoch 18 done. Time per batch: 0.316[s] Speed: 202.3[samples/s]
2026-04-21 16:47:37,335 PAT.train INFO: Epoch[19] Iteration[60/199] total_loss: 4.237, reid_loss: 4.184, pc_loss: 0.052, Acc: 0.445, Base Lr: 9.40e-04
2026-04-21 16:47:56,077 PAT.train INFO: Epoch[19] Iteration[120/199] total_loss: 4.151, reid_loss: 3.998, pc_loss: 0.152, Acc: 0.499, Base Lr: 9.40e-04
2026-04-21 16:48:14,912 PAT.train INFO: Epoch[19] Iteration[180/199] total_loss: 3.970, reid_loss: 3.816, pc_loss: 0.154, Acc: 0.547, Base Lr: 9.40e-04
2026-04-21 16:48:19,845 PAT.train INFO: Epoch 19 done. Time per batch: 0.317[s] Speed: 202.1[samples/s]
2026-04-21 16:48:39,698 PAT.train INFO: Epoch[20] Iteration[60/199] total_loss: 4.109, reid_loss: 4.047, pc_loss: 0.062, Acc: 0.465, Base Lr: 9.33e-04
2026-04-21 16:49:00,392 PAT.train INFO: Epoch[20] Iteration[120/199] total_loss: 4.013, reid_loss: 3.885, pc_loss: 0.128, Acc: 0.504, Base Lr: 9.33e-04
2026-04-21 16:49:21,467 PAT.train INFO: Epoch[20] Iteration[180/199] total_loss: 3.820, reid_loss: 3.701, pc_loss: 0.118, Acc: 0.565, Base Lr: 9.33e-04
2026-04-21 16:49:26,781 PAT.train INFO: Epoch 20 done. Time per batch: 0.341[s] Speed: 187.6[samples/s]
2026-04-21 16:49:26,781 PAT.test INFO: Enter inferencing
2026-04-21 16:50:36,545 PAT.test INFO: Validation Results 
2026-04-21 16:50:36,569 PAT.test INFO: mAP: 42.3%
2026-04-21 16:50:36,569 PAT.test INFO: CMC curve, Rank-1  :61.3%
2026-04-21 16:50:36,570 PAT.test INFO: CMC curve, Rank-5  :82.2%
2026-04-21 16:50:36,570 PAT.test INFO: CMC curve, Rank-10 :89.0%
2026-04-21 16:50:36,570 PAT.test INFO: total inference time: 69.79
2026-04-21 16:50:36,593 PAT.train INFO: =====best epoch: 20=====
2026-04-21 16:50:58,669 PAT.train INFO: Epoch[21] Iteration[60/199] total_loss: 4.039, reid_loss: 3.948, pc_loss: 0.091, Acc: 0.464, Base Lr: 9.26e-04
2026-04-21 16:51:19,162 PAT.train INFO: Epoch[21] Iteration[120/199] total_loss: 3.889, reid_loss: 3.773, pc_loss: 0.116, Acc: 0.528, Base Lr: 9.26e-04
2026-04-21 16:51:39,397 PAT.train INFO: Epoch[21] Iteration[180/199] total_loss: 3.713, reid_loss: 3.589, pc_loss: 0.124, Acc: 0.585, Base Lr: 9.26e-04
2026-04-21 16:51:44,651 PAT.train INFO: Epoch 21 done. Time per batch: 0.345[s] Speed: 185.6[samples/s]
2026-04-21 16:52:06,424 PAT.train INFO: Epoch[22] Iteration[60/199] total_loss: 3.945, reid_loss: 3.856, pc_loss: 0.090, Acc: 0.490, Base Lr: 9.19e-04
2026-04-21 16:52:26,417 PAT.train INFO: Epoch[22] Iteration[120/199] total_loss: 3.838, reid_loss: 3.668, pc_loss: 0.171, Acc: 0.552, Base Lr: 9.19e-04
2026-04-21 16:52:46,454 PAT.train INFO: Epoch[22] Iteration[180/199] total_loss: 3.674, reid_loss: 3.483, pc_loss: 0.191, Acc: 0.609, Base Lr: 9.19e-04
2026-04-21 16:52:51,662 PAT.train INFO: Epoch 22 done. Time per batch: 0.342[s] Speed: 187.4[samples/s]
2026-04-21 16:53:12,722 PAT.train INFO: Epoch[23] Iteration[60/199] total_loss: 3.799, reid_loss: 3.753, pc_loss: 0.046, Acc: 0.502, Base Lr: 9.12e-04
2026-04-21 16:53:32,717 PAT.train INFO: Epoch[23] Iteration[120/199] total_loss: 3.713, reid_loss: 3.561, pc_loss: 0.153, Acc: 0.569, Base Lr: 9.12e-04
2026-04-21 16:53:52,780 PAT.train INFO: Epoch[23] Iteration[180/199] total_loss: 3.539, reid_loss: 3.393, pc_loss: 0.146, Acc: 0.623, Base Lr: 9.12e-04
2026-04-21 16:53:58,008 PAT.train INFO: Epoch 23 done. Time per batch: 0.338[s] Speed: 189.3[samples/s]
2026-04-21 16:54:20,039 PAT.train INFO: Epoch[24] Iteration[60/199] total_loss: 3.736, reid_loss: 3.628, pc_loss: 0.108, Acc: 0.539, Base Lr: 9.05e-04
2026-04-21 16:54:40,057 PAT.train INFO: Epoch[24] Iteration[120/199] total_loss: 3.684, reid_loss: 3.508, pc_loss: 0.176, Acc: 0.586, Base Lr: 9.05e-04
2026-04-21 16:55:00,619 PAT.train INFO: Epoch[24] Iteration[180/199] total_loss: 3.482, reid_loss: 3.334, pc_loss: 0.148, Acc: 0.643, Base Lr: 9.05e-04
2026-04-21 16:55:05,690 PAT.train INFO: Epoch 24 done. Time per batch: 0.347[s] Speed: 184.6[samples/s]
2026-04-21 16:55:27,526 PAT.train INFO: Epoch[25] Iteration[60/199] total_loss: 3.578, reid_loss: 3.507, pc_loss: 0.071, Acc: 0.560, Base Lr: 8.97e-04
2026-04-21 16:55:48,421 PAT.train INFO: Epoch[25] Iteration[120/199] total_loss: 3.525, reid_loss: 3.399, pc_loss: 0.126, Acc: 0.608, Base Lr: 8.97e-04
2026-04-21 16:56:09,843 PAT.train INFO: Epoch[25] Iteration[180/199] total_loss: 3.364, reid_loss: 3.246, pc_loss: 0.118, Acc: 0.665, Base Lr: 8.97e-04
2026-04-21 16:56:14,982 PAT.train INFO: Epoch 25 done. Time per batch: 0.355[s] Speed: 180.3[samples/s]
2026-04-21 16:56:36,741 PAT.train INFO: Epoch[26] Iteration[60/199] total_loss: 3.530, reid_loss: 3.459, pc_loss: 0.071, Acc: 0.577, Base Lr: 8.89e-04
2026-04-21 16:56:57,569 PAT.train INFO: Epoch[26] Iteration[120/199] total_loss: 3.476, reid_loss: 3.326, pc_loss: 0.150, Acc: 0.632, Base Lr: 8.89e-04
2026-04-21 16:57:18,155 PAT.train INFO: Epoch[26] Iteration[180/199] total_loss: 3.323, reid_loss: 3.178, pc_loss: 0.145, Acc: 0.676, Base Lr: 8.89e-04
2026-04-21 16:57:23,792 PAT.train INFO: Epoch 26 done. Time per batch: 0.349[s] Speed: 183.4[samples/s]
2026-04-21 16:57:46,740 PAT.train INFO: Epoch[27] Iteration[60/199] total_loss: 3.368, reid_loss: 3.347, pc_loss: 0.021, Acc: 0.622, Base Lr: 8.80e-04
2026-04-21 16:58:07,207 PAT.train INFO: Epoch[27] Iteration[120/199] total_loss: 3.343, reid_loss: 3.285, pc_loss: 0.057, Acc: 0.645, Base Lr: 8.80e-04
2026-04-21 16:58:27,847 PAT.train INFO: Epoch[27] Iteration[180/199] total_loss: 3.178, reid_loss: 3.104, pc_loss: 0.073, Acc: 0.694, Base Lr: 8.80e-04
2026-04-21 16:58:32,836 PAT.train INFO: Epoch 27 done. Time per batch: 0.354[s] Speed: 180.9[samples/s]
2026-04-21 16:58:54,794 PAT.train INFO: Epoch[28] Iteration[60/199] total_loss: 3.399, reid_loss: 3.340, pc_loss: 0.060, Acc: 0.611, Base Lr: 8.72e-04
2026-04-21 16:59:15,515 PAT.train INFO: Epoch[28] Iteration[120/199] total_loss: 3.289, reid_loss: 3.171, pc_loss: 0.118, Acc: 0.664, Base Lr: 8.72e-04
2026-04-21 16:59:36,227 PAT.train INFO: Epoch[28] Iteration[180/199] total_loss: 3.157, reid_loss: 3.035, pc_loss: 0.122, Acc: 0.704, Base Lr: 8.72e-04
2026-04-21 16:59:41,222 PAT.train INFO: Epoch 28 done. Time per batch: 0.350[s] Speed: 182.7[samples/s]
2026-04-21 17:00:03,166 PAT.train INFO: Epoch[29] Iteration[60/199] total_loss: 3.228, reid_loss: 3.183, pc_loss: 0.045, Acc: 0.629, Base Lr: 8.63e-04
2026-04-21 17:00:23,769 PAT.train INFO: Epoch[29] Iteration[120/199] total_loss: 3.137, reid_loss: 3.031, pc_loss: 0.106, Acc: 0.687, Base Lr: 8.63e-04
2026-04-21 17:00:44,427 PAT.train INFO: Epoch[29] Iteration[180/199] total_loss: 3.087, reid_loss: 2.962, pc_loss: 0.125, Acc: 0.721, Base Lr: 8.63e-04
2026-04-21 17:00:49,756 PAT.train INFO: Epoch 29 done. Time per batch: 0.349[s] Speed: 183.2[samples/s]
2026-04-21 17:01:11,667 PAT.train INFO: Epoch[30] Iteration[60/199] total_loss: 3.204, reid_loss: 3.142, pc_loss: 0.062, Acc: 0.672, Base Lr: 8.54e-04
2026-04-21 17:01:32,333 PAT.train INFO: Epoch[30] Iteration[120/199] total_loss: 3.168, reid_loss: 3.045, pc_loss: 0.123, Acc: 0.694, Base Lr: 8.54e-04
2026-04-21 17:01:52,938 PAT.train INFO: Epoch[30] Iteration[180/199] total_loss: 3.030, reid_loss: 2.912, pc_loss: 0.118, Acc: 0.735, Base Lr: 8.54e-04
2026-04-21 17:01:58,500 PAT.train INFO: Epoch 30 done. Time per batch: 0.350[s] Speed: 182.7[samples/s]
2026-04-21 17:01:58,500 PAT.test INFO: Enter inferencing
2026-04-21 17:03:06,415 PAT.test INFO: Validation Results 
2026-04-21 17:03:06,422 PAT.test INFO: mAP: 46.5%
2026-04-21 17:03:06,422 PAT.test INFO: CMC curve, Rank-1  :64.7%
2026-04-21 17:03:06,422 PAT.test INFO: CMC curve, Rank-5  :84.9%
2026-04-21 17:03:06,422 PAT.test INFO: CMC curve, Rank-10 :91.2%
2026-04-21 17:03:06,422 PAT.test INFO: total inference time: 67.92
2026-04-21 17:03:06,431 PAT.train INFO: =====best epoch: 30=====
2026-04-21 17:03:26,449 PAT.train INFO: Epoch[31] Iteration[60/199] total_loss: 3.190, reid_loss: 3.155, pc_loss: 0.035, Acc: 0.647, Base Lr: 8.44e-04
2026-04-21 17:03:45,085 PAT.train INFO: Epoch[31] Iteration[120/199] total_loss: 3.087, reid_loss: 2.971, pc_loss: 0.116, Acc: 0.705, Base Lr: 8.44e-04
2026-04-21 17:04:03,838 PAT.train INFO: Epoch[31] Iteration[180/199] total_loss: 2.957, reid_loss: 2.848, pc_loss: 0.109, Acc: 0.744, Base Lr: 8.44e-04
2026-04-21 17:04:09,063 PAT.train INFO: Epoch 31 done. Time per batch: 0.316[s] Speed: 202.5[samples/s]
2026-04-21 17:04:28,731 PAT.train INFO: Epoch[32] Iteration[60/199] total_loss: 3.133, reid_loss: 3.081, pc_loss: 0.051, Acc: 0.678, Base Lr: 8.35e-04
2026-04-21 17:04:47,485 PAT.train INFO: Epoch[32] Iteration[120/199] total_loss: 3.041, reid_loss: 2.922, pc_loss: 0.119, Acc: 0.726, Base Lr: 8.35e-04
2026-04-21 17:05:06,285 PAT.train INFO: Epoch[32] Iteration[180/199] total_loss: 2.936, reid_loss: 2.812, pc_loss: 0.124, Acc: 0.762, Base Lr: 8.35e-04
2026-04-21 17:05:10,939 PAT.train INFO: Epoch 32 done. Time per batch: 0.317[s] Speed: 201.9[samples/s]
2026-04-21 17:05:30,679 PAT.train INFO: Epoch[33] Iteration[60/199] total_loss: 3.007, reid_loss: 2.978, pc_loss: 0.030, Acc: 0.703, Base Lr: 8.25e-04
2026-04-21 17:05:49,362 PAT.train INFO: Epoch[33] Iteration[120/199] total_loss: 2.939, reid_loss: 2.852, pc_loss: 0.087, Acc: 0.734, Base Lr: 8.25e-04
2026-04-21 17:06:08,177 PAT.train INFO: Epoch[33] Iteration[180/199] total_loss: 2.857, reid_loss: 2.752, pc_loss: 0.106, Acc: 0.770, Base Lr: 8.25e-04
2026-04-21 17:06:13,113 PAT.train INFO: Epoch 33 done. Time per batch: 0.317[s] Speed: 202.0[samples/s]
2026-04-21 17:06:32,775 PAT.train INFO: Epoch[34] Iteration[60/199] total_loss: 2.947, reid_loss: 2.933, pc_loss: 0.015, Acc: 0.710, Base Lr: 8.15e-04
2026-04-21 17:06:51,462 PAT.train INFO: Epoch[34] Iteration[120/199] total_loss: 2.859, reid_loss: 2.813, pc_loss: 0.047, Acc: 0.751, Base Lr: 8.15e-04
2026-04-21 17:07:10,181 PAT.train INFO: Epoch[34] Iteration[180/199] total_loss: 2.791, reid_loss: 2.708, pc_loss: 0.084, Acc: 0.782, Base Lr: 8.15e-04
2026-04-21 17:07:15,101 PAT.train INFO: Epoch 34 done. Time per batch: 0.316[s] Speed: 202.6[samples/s]
2026-04-21 17:07:34,651 PAT.train INFO: Epoch[35] Iteration[60/199] total_loss: 2.895, reid_loss: 2.871, pc_loss: 0.025, Acc: 0.735, Base Lr: 8.05e-04
2026-04-21 17:07:53,263 PAT.train INFO: Epoch[35] Iteration[120/199] total_loss: 2.854, reid_loss: 2.778, pc_loss: 0.076, Acc: 0.769, Base Lr: 8.05e-04
2026-04-21 17:08:11,840 PAT.train INFO: Epoch[35] Iteration[180/199] total_loss: 2.792, reid_loss: 2.688, pc_loss: 0.104, Acc: 0.798, Base Lr: 8.05e-04
2026-04-21 17:08:16,718 PAT.train INFO: Epoch 35 done. Time per batch: 0.314[s] Speed: 203.8[samples/s]
2026-04-21 17:08:36,229 PAT.train INFO: Epoch[36] Iteration[60/199] total_loss: 2.862, reid_loss: 2.846, pc_loss: 0.016, Acc: 0.739, Base Lr: 7.94e-04
2026-04-21 17:08:54,585 PAT.train INFO: Epoch[36] Iteration[120/199] total_loss: inf, reid_loss: inf, pc_loss: 0.077, Acc: 0.721, Base Lr: 7.94e-04
2026-04-21 17:09:12,671 PAT.train INFO: Epoch[36] Iteration[180/199] total_loss: inf, reid_loss: inf, pc_loss: 0.052, Acc: 0.490, Base Lr: 7.94e-04
2026-04-21 17:09:17,715 PAT.train INFO: Epoch 36 done. Time per batch: 0.309[s] Speed: 206.9[samples/s]
2026-04-21 17:09:36,763 PAT.train INFO: Epoch[37] Iteration[60/199] total_loss: 15.537, reid_loss: 15.537, pc_loss: 0.000, Acc: 0.010, Base Lr: 7.84e-04
2026-04-21 17:09:54,810 PAT.train INFO: Epoch[37] Iteration[120/199] total_loss: 15.614, reid_loss: 15.614, pc_loss: 0.000, Acc: 0.014, Base Lr: 7.84e-04
2026-04-21 17:10:13,043 PAT.train INFO: Epoch[37] Iteration[180/199] total_loss: 15.554, reid_loss: 15.554, pc_loss: 0.000, Acc: 0.016, Base Lr: 7.84e-04
2026-04-21 17:10:17,817 PAT.train INFO: Epoch 37 done. Time per batch: 0.306[s] Speed: 209.0[samples/s]
2026-04-21 17:10:36,763 PAT.train INFO: Epoch[38] Iteration[60/199] total_loss: 15.630, reid_loss: 15.630, pc_loss: 0.000, Acc: 0.008, Base Lr: 7.73e-04
2026-04-21 17:10:54,770 PAT.train INFO: Epoch[38] Iteration[120/199] total_loss: 15.635, reid_loss: 15.635, pc_loss: 0.000, Acc: 0.010, Base Lr: 7.73e-04
2026-04-21 17:11:12,765 PAT.train INFO: Epoch[38] Iteration[180/199] total_loss: 15.666, reid_loss: 15.666, pc_loss: 0.000, Acc: 0.016, Base Lr: 7.73e-04
2026-04-21 17:11:17,190 PAT.train INFO: Epoch 38 done. Time per batch: 0.304[s] Speed: 210.5[samples/s]
2026-04-21 17:11:36,152 PAT.train INFO: Epoch[39] Iteration[60/199] total_loss: nan, reid_loss: nan, pc_loss: 0.000, Acc: 0.006, Base Lr: 7.62e-04
2026-04-21 17:11:54,203 PAT.train INFO: Epoch[39] Iteration[120/199] total_loss: nan, reid_loss: nan, pc_loss: 0.000, Acc: 0.004, Base Lr: 7.62e-04
2026-04-21 17:12:12,239 PAT.train INFO: Epoch[39] Iteration[180/199] total_loss: nan, reid_loss: nan, pc_loss: 0.000, Acc: 0.003, Base Lr: 7.62e-04
2026-04-21 17:12:16,951 PAT.train INFO: Epoch 39 done. Time per batch: 0.305[s] Speed: 210.2[samples/s]
2026-04-21 17:12:35,857 PAT.train INFO: Epoch[40] Iteration[60/199] total_loss: nan, reid_loss: nan, pc_loss: 0.000, Acc: 0.000, Base Lr: 7.51e-04
2026-04-21 17:12:53,812 PAT.train INFO: Epoch[40] Iteration[120/199] total_loss: nan, reid_loss: nan, pc_loss: 0.000, Acc: 0.000, Base Lr: 7.51e-04
2026-04-21 17:13:11,759 PAT.train INFO: Epoch[40] Iteration[180/199] total_loss: nan, reid_loss: nan, pc_loss: 0.000, Acc: 0.000, Base Lr: 7.51e-04
2026-04-21 17:13:16,456 PAT.train INFO: Epoch 40 done. Time per batch: 0.303[s] Speed: 211.1[samples/s]
2026-04-21 17:13:16,456 PAT.test INFO: Enter inferencing
2026-04-21 17:14:16,121 PAT.test INFO: Validation Results 
2026-04-21 17:14:16,137 PAT.test INFO: mAP: 0.2%
2026-04-21 17:14:16,138 PAT.test INFO: CMC curve, Rank-1  :0.1%
2026-04-21 17:14:16,138 PAT.test INFO: CMC curve, Rank-5  :0.3%
2026-04-21 17:14:16,138 PAT.test INFO: CMC curve, Rank-10 :0.8%
2026-04-21 17:14:16,138 PAT.test INFO: total inference time: 59.68
/home/alumnos/e558995/.conda/envs/pat/lib/python3.10/site-packages/torch/nn/init.py:412: UserWarning: Initializing zero-element tensors is a no-op
  warnings.warn("Initializing zero-element tensors is a no-op")
using Transformer_type: part token vit as a backbone
using stride: [16, 16], and patch number is num_y16 * num_x8
using drop_out rate is : 0.0
using attn_drop_out rate is : 0.0
using drop_path rate is : 0.1
Resized position embedding from size:torch.Size([1, 197, 768]) to size: torch.Size([1, 132, 768]) with height:16 width: 8
Load 153 / 155 layers.
Loading pretrained ImageNet model......from /media/DiscoLocal/IPCV/UE-ReID/Part-Aware-Transformer-main/model/jx_vit_base_p16_224-80ecf9dd.pth
===========building our part attention vit===========
2026-04-21 17:14:19,562 PAT.train INFO: Number of parameter: 86.52M
Loading trained model from models/./exp04_rea/part_attention_vit_30.pth
load weights from part_attention_vit_30.pth
2026-04-21 17:14:21,711 PAT INFO: => Loaded UrbanElementsReID
2026-04-21 17:14:21,711 PAT INFO:   ----------------------------------------
2026-04-21 17:14:21,711 PAT INFO:   subset   | # ids | # images | # cameras
2026-04-21 17:14:21,711 PAT INFO:   ----------------------------------------
2026-04-21 17:14:21,711 PAT INFO:   query    |  1088 |    11175 |         3
2026-04-21 17:14:21,711 PAT INFO:   gallery  |  1088 |    11175 |         3
2026-04-21 17:14:21,711 PAT INFO:   ----------------------------------------
2026-04-21 17:14:21,712 PAT.test INFO: Enter inferencing
2026-04-21 17:15:29,063 PAT.test INFO: Validation Results 
2026-04-21 17:15:29,305 PAT.test INFO: mAP: 46.5%
2026-04-21 17:15:29,305 PAT.test INFO: CMC curve, Rank-1  :64.9%
2026-04-21 17:15:29,305 PAT.test INFO: CMC curve, Rank-5  :84.8%
2026-04-21 17:15:29,306 PAT.test INFO: CMC curve, Rank-10 :91.1%
2026-04-21 17:15:29,306 PAT.test INFO: total inference time: 67.53
removing models/./exp04_rea/part_attention_vit_10.pth. 
removing models/./exp04_rea/part_attention_vit_20.pth. 
removing models/./exp04_rea/part_attention_vit_30.pth. 
removing models/./exp04_rea/part_attention_vit_40.pth. 
saving final checkpoint.
Do not interrupt the program!!!
done!
